// Jest Snapshot v1, https://goo.gl/fbAQLP

exports[`Login will match snapshot 1`] = `
Object {
  "asFragment": [Function],
  "baseElement": <body>
    <div>
      <div
        class="ui segments"
      >
        <h4
          class="ui block top attached center aligned header"
        >
          <div
            class="content"
          >
            Employee Polls Web App
          </div>
          <div
            class="sub header"
          >
            Please Sign In to continue
          </div>
        </h4>
        <div>
          <div
            class="ui padded center aligned grid"
          >
            <div
              class="row login"
            >
              <div
                class="sixteen wide column"
              >
                <form
                  class="ui form"
                >
                  <div
                    data-testid="Test Component"
                  >
                    <h2
                      class="ui green header"
                    >
                      Sign In
                    </h2>
                    <div
                      class="required field"
                    >
                      <div
                        aria-expanded="false"
                        class="ui fluid selection scrolling dropdown"
                        data-testid="dropdown"
                        required=""
                        role="listbox"
                        tabindex="0"
                      >
                        <div
                          aria-atomic="true"
                          aria-live="polite"
                          class="divider default text"
                          role="alert"
                        >
                          Select an Employee
                        </div>
                        <i
                          aria-hidden="true"
                          class="dropdown icon"
                        />
                        <div
                          class="menu transition"
                        >
                          <div
                            aria-checked="false"
                            aria-selected="true"
                            class="selected item"
                            role="option"
                            style="pointer-events: all;"
                          >
                            <img
                              class="ui avatar image"
                            />
                            <span
                              class="text"
                            >
                              Sarah Edo
                            </span>
                          </div>
                          <div
                            aria-checked="false"
                            aria-selected="false"
                            class="item"
                            role="option"
                            style="pointer-events: all;"
                          >
                            <img
                              class="ui avatar image"
                            />
                            <span
                              class="text"
                            >
                              Tyler McGinnis
                            </span>
                          </div>
                          <div
                            aria-checked="false"
                            aria-selected="false"
                            class="item"
                            role="option"
                            style="pointer-events: all;"
                          >
                            <img
                              class="ui avatar image"
                            />
                            <span
                              class="text"
                            >
                              Mike Tsamis
                            </span>
                          </div>
                          <div
                            aria-checked="false"
                            aria-selected="false"
                            class="item"
                            role="option"
                            style="pointer-events: all;"
                          >
                            <img
                              class="ui avatar image"
                            />
                            <span
                              class="text"
                            >
                              Zenobia Oshikanlu
                            </span>
                          </div>
                        </div>
                      </div>
                    </div>
                    <div
                      class="disabled field"
                    >
                      <button
                        class="ui fluid positive disabled button"
                        data-testid="button"
                        disabled=""
                        tabindex="-1"
                      >
                        Login
                      </button>
                    </div>
                  </div>
                </form>
              </div>
            </div>
          </div>
        </div>
      </div>
    </div>
  </body>,
  "container": <div>
    <div
      class="ui segments"
    >
      <h4
        class="ui block top attached center aligned header"
      >
        <div
          class="content"
        >
          Employee Polls Web App
        </div>
        <div
          class="sub header"
        >
          Please Sign In to continue
        </div>
      </h4>
      <div>
        <div
          class="ui padded center aligned grid"
        >
          <div
            class="row login"
          >
            <div
              class="sixteen wide column"
            >
              <form
                class="ui form"
              >
                <div
                  data-testid="Test Component"
                >
                  <h2
                    class="ui green header"
                  >
                    Sign In
                  </h2>
                  <div
                    class="required field"
                  >
                    <div
                      aria-expanded="false"
                      class="ui fluid selection scrolling dropdown"
                      data-testid="dropdown"
                      required=""
                      role="listbox"
                      tabindex="0"
                    >
                      <div
                        aria-atomic="true"
                        aria-live="polite"
                        class="divider default text"
                        role="alert"
                      >
                        Select an Employee
                      </div>
                      <i
                        aria-hidden="true"
                        class="dropdown icon"
                      />
                      <div
                        class="menu transition"
                      >
                        <div
                          aria-checked="false"
                          aria-selected="true"
                          class="selected item"
                          role="option"
                          style="pointer-events: all;"
                        >
                          <img
                            class="ui avatar image"
                          />
                          <span
                            class="text"
                          >
                            Sarah Edo
                          </span>
                        </div>
                        <div
                          aria-checked="false"
                          aria-selected="false"
                          class="item"
                          role="option"
                          style="pointer-events: all;"
                        >
                          <img
                            class="ui avatar image"
                          />
                          <span
                            class="text"
                          >
                            Tyler McGinnis
                          </span>
                        </div>
                        <div
                          aria-checked="false"
                          aria-selected="false"
                          class="item"
                          role="option"
                          style="pointer-events: all;"
                        >
                          <img
                            class="ui avatar image"
                          />
                          <span
                            class="text"
                          >
                            Mike Tsamis
                          </span>
                        </div>
                        <div
                          aria-checked="false"
                          aria-selected="false"
                          class="item"
                          role="option"
                          style="pointer-events: all;"
                        >
                          <img
                            class="ui avatar image"
                          />
                          <span
                            class="text"
                          >
                            Zenobia Oshikanlu
                          </span>
                        </div>
                      </div>
                    </div>
                  </div>
                  <div
                    class="disabled field"
                  >
                    <button
                      class="ui fluid positive disabled button"
                      data-testid="button"
                      disabled=""
                      tabindex="-1"
                    >
                      Login
                    </button>
                  </div>
                </div>
              </form>
            </div>
          </div>
        </div>
      </div>
    </div>
  </div>,
  "debug": [Function],
  "findAllByAltText": [Function],
  "findAllByDisplayValue": [Function],
  "findAllByLabelText": [Function],
  "findAllByPlaceholderText": [Function],
  "findAllByRole": [Function],
  "findAllByTestId": [Function],
  "findAllByText": [Function],
  "findAllByTitle": [Function],
  "findByAltText": [Function],
  "findByDisplayValue": [Function],
  "findByLabelText": [Function],
  "findByPlaceholderText": [Function],
  "findByRole": [Function],
  "findByTestId": [Function],
  "findByText": [Function],
  "findByTitle": [Function],
  "getAllByAltText": [Function],
  "getAllByDisplayValue": [Function],
  "getAllByLabelText": [Function],
  "getAllByPlaceholderText": [Function],
  "getAllByRole": [Function],
  "getAllByTestId": [Function],
  "getAllByText": [Function],
  "getAllByTitle": [Function],
  "getByAltText": [Function],
  "getByDisplayValue": [Function],
  "getByLabelText": [Function],
  "getByPlaceholderText": [Function],
  "getByRole": [Function],
  "getByTestId": [Function],
  "getByText": [Function],
  "getByTitle": [Function],
  "queryAllByAltText": [Function],
  "queryAllByDisplayValue": [Function],
  "queryAllByLabelText": [Function],
  "queryAllByPlaceholderText": [Function],
  "queryAllByRole": [Function],
  "queryAllByTestId": [Function],
  "queryAllByText": [Function],
  "queryAllByTitle": [Function],
  "queryByAltText": [Function],
  "queryByDisplayValue": [Function],
  "queryByLabelText": [Function],
  "queryByPlaceholderText": [Function],
  "queryByRole": [Function],
  "queryByTestId": [Function],
  "queryByText": [Function],
  "queryByTitle": [Function],
  "rerender": [Function],
  "unmount": [Function],
}
`;
